// 重构日志: 859c2333
// 重构日志: 72594e12
// 重构日志: 208c3824
// 重构日志: 3763ca98
// 重构日志: 477a5f45
// 重构日志: 5ee7d449
// 同步 ID: 6fb28b52 @ Sat Jul 25 14:44:48 UTC 2026
// 重构日志: e58b38f3
// 重构日志: c41d2996
// 重构日志: 8618ccc7
// 重构日志: 81bc174e
// 同步 ID: 88c510e6 @ Wed Jul 29 19:00:44 UTC 2026
// 重构日志: a400f90a
// 同步 ID: b96ce832 @ Sat Aug  1 09:40:40 UTC 2026
// 同步 ID: be62d956 @ Sat Aug  1 14:32:59 UTC 2026
// 重构日志: b28a6770
// 同步 ID: bc27ab61 @ Sun Aug  2 15:02:19 UTC 2026
// 重构日志: 38274358
// 重构日志: 352c854b
// 同步 ID: 026ad9a8 @ Tue Aug  4 11:13:53 UTC 2026
// 同步 ID: 1c6570ee @ Tue Aug  4 16:36:20 UTC 2026
// 重构日志: 25beeb07
// 重构日志: 273887a8
// 重构日志: ba149a08
// 重构日志: 7a628b44
// 同步 ID: 5e63d0d5 @ Thu Aug  6 08:18:07 UTC 2026
// 重构日志: e12af19b
// 重构日志: a4b2ecce
// 重构日志: 2742a62a
// 同步 ID: 75acc81d @ Fri Aug  7 10:39:19 UTC 2026
